../Core/Src/main.c:66:20:gpio_cfg	16	static
../Core/Src/main.c:92:6:SysTick_Handler	4	static
../Core/Src/main.c:93:13:delay_ms	24	static
../Core/Src/main.c:95:13:clock_init	4	static
../Core/Src/main.c:108:16:spi1_xfer	16	static
../Core/Src/main.c:114:13:spi2_send	16	static
../Core/Src/main.c:145:13:lcd_cmd	16	static
../Core/Src/main.c:146:13:lcd_dat	16	static
../Core/Src/main.c:148:13:lcd_window	24	static
../Core/Src/main.c:153:13:lcd_fill	32	static
../Core/Src/main.c:164:13:lcd_hline	32	static
../Core/Src/main.c:165:13:lcd_vline	32	static
../Core/Src/main.c:166:13:lcd_rect	24	static
../Core/Src/main.c:170:13:lcd_fill_rect_rd	32	static
../Core/Src/main.c:176:13:lcd_init	8	static
../Core/Src/main.c:266:13:draw_char	48	static
../Core/Src/main.c:281:13:draw_str	48	static
../Core/Src/main.c:288:17:str_w	24	static
../Core/Src/main.c:291:13:draw_str_c	40	static
../Core/Src/main.c:295:13:draw_str_r	40	static
../Core/Src/main.c:301:13:u32_str	32	static
../Core/Src/main.c:309:13:price_str	32	static
../Core/Src/main.c:324:17:xpt_raw	24	static
../Core/Src/main.c:329:16:touch_get	32	static
../Core/Src/main.c:363:16:tap_get	24	static
../Core/Src/main.c:441:13:draw_btn	48	static
../Core/Src/main.c:451:16:btn_hit	24	static
../Core/Src/main.c:458:13:screen_splash	32	static
../Core/Src/main.c:492:13:draw_keyboard	96	static
../Core/Src/main.c:525:13:screen_customer	16	static
../Core/Src/main.c:537:13:refresh_name_box	24	static
../Core/Src/main.c:546:13:kb_tap	40	static
../Core/Src/main.c:591:13:screen_items	112	static
../Core/Src/main.c:670:13:screen_bill	160	static
../Core/Src/main.c:748:13:draw_qty_popup	96	static
../Core/Src/main.c:783:13:screen_print_anim	24	static
../Core/Src/main.c:800:13:uart_str	16	static
../Core/Src/main.c:802:13:send_bill	40	static
../Core/Src/main.c:834:13:periph_init	8	static
../Core/Src/main.c:869:5:main	144	static
