../Core/Src/main.c:66:20:gpio_cfg	2
../Core/Src/main.c:92:6:SysTick_Handler	1
../Core/Src/main.c:93:13:delay_ms	2
../Core/Src/main.c:95:13:clock_init	4
../Core/Src/main.c:108:16:spi1_xfer	3
../Core/Src/main.c:114:13:spi2_send	3
../Core/Src/main.c:145:13:lcd_cmd	1
../Core/Src/main.c:146:13:lcd_dat	1
../Core/Src/main.c:148:13:lcd_window	1
../Core/Src/main.c:153:13:lcd_fill	8
../Core/Src/main.c:164:13:lcd_hline	1
../Core/Src/main.c:165:13:lcd_vline	1
../Core/Src/main.c:166:13:lcd_rect	1
../Core/Src/main.c:170:13:lcd_fill_rect_rd	1
../Core/Src/main.c:176:13:lcd_init	1
../Core/Src/main.c:266:13:draw_char	10
../Core/Src/main.c:281:13:draw_str	3
../Core/Src/main.c:288:17:str_w	2
../Core/Src/main.c:291:13:draw_str_c	2
../Core/Src/main.c:295:13:draw_str_r	2
../Core/Src/main.c:301:13:u32_str	4
../Core/Src/main.c:309:13:price_str	1
../Core/Src/main.c:324:17:xpt_raw	1
../Core/Src/main.c:329:16:touch_get	8
../Core/Src/main.c:363:16:tap_get	4
../Core/Src/main.c:441:13:draw_btn	3
../Core/Src/main.c:451:16:btn_hit	5
../Core/Src/main.c:458:13:screen_splash	1
../Core/Src/main.c:492:13:draw_keyboard	4
../Core/Src/main.c:525:13:screen_customer	1
../Core/Src/main.c:537:13:refresh_name_box	2
../Core/Src/main.c:546:13:kb_tap	24
../Core/Src/main.c:591:13:screen_items	8
../Core/Src/main.c:670:13:screen_bill	4
../Core/Src/main.c:748:13:draw_qty_popup	2
../Core/Src/main.c:783:13:screen_print_anim	2
../Core/Src/main.c:800:13:uart_str	3
../Core/Src/main.c:802:13:send_bill	2
../Core/Src/main.c:834:13:periph_init	1
../Core/Src/main.c:869:5:main	41
